2025-03-06 11:25:51,579 CRIT Supervisor is running as root.  Privileges were not dropped because no user is specified in the config file.  If you intend to run as root, you can set user=root in the config file to avoid this message.
2025-03-06 11:25:51,580 INFO supervisord started with pid 1
2025-03-06 11:25:52,582 INFO spawned: 'apache2' with pid 7
2025-03-06 11:25:52,583 INFO spawned: 'vite' with pid 8
2025-03-06 11:25:54,360 INFO success: apache2 entered RUNNING state, process has stayed up for > than 1 seconds (startsecs)
2025-03-06 11:25:57,914 INFO success: vite entered RUNNING state, process has stayed up for > than 5 seconds (startsecs)
2025-03-06 11:31:38,691 CRIT Supervisor is running as root.  Privileges were not dropped because no user is specified in the config file.  If you intend to run as root, you can set user=root in the config file to avoid this message.
2025-03-06 11:31:38,692 INFO supervisord started with pid 1
2025-03-06 11:31:39,693 INFO spawned: 'apache2' with pid 7
2025-03-06 11:31:39,694 INFO spawned: 'vite' with pid 8
2025-03-06 11:31:40,829 INFO success: apache2 entered RUNNING state, process has stayed up for > than 1 seconds (startsecs)
2025-03-06 11:31:44,762 INFO success: vite entered RUNNING state, process has stayed up for > than 5 seconds (startsecs)
2025-03-06 11:57:14,643 CRIT Supervisor is running as root.  Privileges were not dropped because no user is specified in the config file.  If you intend to run as root, you can set user=root in the config file to avoid this message.
2025-03-06 11:57:14,644 INFO supervisord started with pid 1
2025-03-06 11:57:14,654 CRIT Supervisor is running as root.  Privileges were not dropped because no user is specified in the config file.  If you intend to run as root, you can set user=root in the config file to avoid this message.
2025-03-06 11:57:14,655 INFO supervisord started with pid 1
2025-03-06 11:57:15,646 INFO spawned: 'apache2' with pid 7
2025-03-06 11:57:15,648 INFO spawned: 'vite' with pid 8
2025-03-06 11:57:15,657 INFO spawned: 'apache2' with pid 7
2025-03-06 11:57:15,658 INFO spawned: 'vite' with pid 8
2025-03-06 11:57:17,159 INFO success: apache2 entered RUNNING state, process has stayed up for > than 1 seconds (startsecs)
2025-03-06 11:57:17,500 INFO success: apache2 entered RUNNING state, process has stayed up for > than 1 seconds (startsecs)
2025-03-06 11:57:21,162 INFO success: vite entered RUNNING state, process has stayed up for > than 5 seconds (startsecs)
2025-03-06 11:57:21,504 INFO success: vite entered RUNNING state, process has stayed up for > than 5 seconds (startsecs)
2025-03-06 12:00:45,993 CRIT Supervisor is running as root.  Privileges were not dropped because no user is specified in the config file.  If you intend to run as root, you can set user=root in the config file to avoid this message.
2025-03-06 12:00:45,994 INFO supervisord started with pid 1
2025-03-06 12:00:46,257 CRIT Supervisor is running as root.  Privileges were not dropped because no user is specified in the config file.  If you intend to run as root, you can set user=root in the config file to avoid this message.
2025-03-06 12:00:46,258 INFO supervisord started with pid 1
2025-03-06 12:00:46,996 INFO spawned: 'apache2' with pid 7
2025-03-06 12:00:46,997 INFO spawned: 'vite' with pid 8
2025-03-06 12:00:47,260 INFO spawned: 'apache2' with pid 7
2025-03-06 12:00:47,262 INFO spawned: 'vite' with pid 8
2025-03-06 12:00:48,863 INFO success: apache2 entered RUNNING state, process has stayed up for > than 1 seconds (startsecs)
2025-03-06 12:00:49,155 INFO success: apache2 entered RUNNING state, process has stayed up for > than 1 seconds (startsecs)
2025-03-06 12:00:52,867 INFO success: vite entered RUNNING state, process has stayed up for > than 5 seconds (startsecs)
2025-03-06 12:00:53,158 INFO success: vite entered RUNNING state, process has stayed up for > than 5 seconds (startsecs)
2025-03-06 12:02:33,479 CRIT Supervisor is running as root.  Privileges were not dropped because no user is specified in the config file.  If you intend to run as root, you can set user=root in the config file to avoid this message.
2025-03-06 12:02:33,480 CRIT Supervisor is running as root.  Privileges were not dropped because no user is specified in the config file.  If you intend to run as root, you can set user=root in the config file to avoid this message.
2025-03-06 12:02:33,480 INFO supervisord started with pid 1
2025-03-06 12:02:33,482 INFO supervisord started with pid 1
2025-03-06 12:02:34,482 INFO spawned: 'apache2' with pid 7
2025-03-06 12:02:34,483 INFO spawned: 'vite' with pid 8
2025-03-06 12:02:34,484 INFO spawned: 'apache2' with pid 7
2025-03-06 12:02:34,486 INFO spawned: 'vite' with pid 8
2025-03-06 12:02:36,404 INFO success: apache2 entered RUNNING state, process has stayed up for > than 1 seconds (startsecs)
2025-03-06 12:02:36,412 INFO success: apache2 entered RUNNING state, process has stayed up for > than 1 seconds (startsecs)
2025-03-06 12:02:40,446 INFO success: vite entered RUNNING state, process has stayed up for > than 5 seconds (startsecs)
2025-03-06 12:02:41,213 INFO success: vite entered RUNNING state, process has stayed up for > than 5 seconds (startsecs)
2025-03-06 12:11:42,331 CRIT Supervisor is running as root.  Privileges were not dropped because no user is specified in the config file.  If you intend to run as root, you can set user=root in the config file to avoid this message.
2025-03-06 12:11:42,332 INFO supervisord started with pid 1
2025-03-06 12:11:43,334 INFO spawned: 'apache2' with pid 7
2025-03-06 12:11:43,335 INFO spawned: 'vite' with pid 8
2025-03-06 12:11:45,178 INFO success: apache2 entered RUNNING state, process has stayed up for > than 1 seconds (startsecs)
2025-03-06 12:11:49,182 INFO success: vite entered RUNNING state, process has stayed up for > than 5 seconds (startsecs)
2025-03-07 14:19:54,824 CRIT Supervisor is running as root.  Privileges were not dropped because no user is specified in the config file.  If you intend to run as root, you can set user=root in the config file to avoid this message.
2025-03-07 14:19:54,829 INFO supervisord started with pid 1
2025-03-07 14:19:55,831 INFO spawned: 'apache2' with pid 7
2025-03-07 14:19:55,841 INFO spawned: 'vite' with pid 8
2025-03-07 14:19:57,017 INFO success: apache2 entered RUNNING state, process has stayed up for > than 1 seconds (startsecs)
2025-03-07 14:20:01,759 INFO success: vite entered RUNNING state, process has stayed up for > than 5 seconds (startsecs)
2025-03-08 14:55:07,719 CRIT Supervisor is running as root.  Privileges were not dropped because no user is specified in the config file.  If you intend to run as root, you can set user=root in the config file to avoid this message.
2025-03-08 14:55:07,724 INFO supervisord started with pid 1
2025-03-08 14:55:08,726 INFO spawned: 'apache2' with pid 7
2025-03-08 14:55:08,735 INFO spawned: 'vite' with pid 8
2025-03-08 14:55:09,801 INFO success: apache2 entered RUNNING state, process has stayed up for > than 1 seconds (startsecs)
2025-03-08 14:55:14,631 INFO success: vite entered RUNNING state, process has stayed up for > than 5 seconds (startsecs)
2025-03-08 21:39:18,403 INFO reaped unknown pid 130 (exit status 0)
2025-03-11 11:27:44,323 CRIT Supervisor is running as root.  Privileges were not dropped because no user is specified in the config file.  If you intend to run as root, you can set user=root in the config file to avoid this message.
2025-03-11 11:27:44,326 INFO supervisord started with pid 1
2025-03-11 11:27:45,328 INFO spawned: 'apache2' with pid 7
2025-03-11 11:27:45,339 INFO spawned: 'vite' with pid 8
2025-03-11 11:27:46,998 INFO success: apache2 entered RUNNING state, process has stayed up for > than 1 seconds (startsecs)
2025-03-11 11:27:51,176 INFO success: vite entered RUNNING state, process has stayed up for > than 5 seconds (startsecs)
2025-03-13 10:23:24,300 CRIT Supervisor is running as root.  Privileges were not dropped because no user is specified in the config file.  If you intend to run as root, you can set user=root in the config file to avoid this message.
2025-03-13 10:23:24,302 INFO supervisord started with pid 1
2025-03-13 10:23:25,304 INFO spawned: 'apache2' with pid 7
2025-03-13 10:23:25,316 INFO spawned: 'vite' with pid 8
2025-03-13 10:23:26,624 INFO success: apache2 entered RUNNING state, process has stayed up for > than 1 seconds (startsecs)
2025-03-13 10:23:30,392 INFO success: vite entered RUNNING state, process has stayed up for > than 5 seconds (startsecs)
2025-03-13 14:19:17,130 CRIT Supervisor is running as root.  Privileges were not dropped because no user is specified in the config file.  If you intend to run as root, you can set user=root in the config file to avoid this message.
2025-03-13 14:19:17,132 INFO supervisord started with pid 1
2025-03-13 14:19:18,135 INFO spawned: 'apache2' with pid 7
2025-03-13 14:19:18,136 INFO spawned: 'vite' with pid 8
2025-03-13 14:19:20,065 INFO success: apache2 entered RUNNING state, process has stayed up for > than 1 seconds (startsecs)
2025-03-13 14:19:24,071 INFO success: vite entered RUNNING state, process has stayed up for > than 5 seconds (startsecs)
2025-03-13 14:22:34,176 CRIT Supervisor is running as root.  Privileges were not dropped because no user is specified in the config file.  If you intend to run as root, you can set user=root in the config file to avoid this message.
2025-03-13 14:22:34,178 INFO supervisord started with pid 1
2025-03-13 14:22:35,181 INFO spawned: 'apache2' with pid 7
2025-03-13 14:22:35,183 INFO spawned: 'vite' with pid 8
2025-03-13 14:22:36,665 INFO success: apache2 entered RUNNING state, process has stayed up for > than 1 seconds (startsecs)
2025-03-13 14:22:40,550 INFO success: vite entered RUNNING state, process has stayed up for > than 5 seconds (startsecs)
2025-03-13 14:26:13,547 CRIT Supervisor is running as root.  Privileges were not dropped because no user is specified in the config file.  If you intend to run as root, you can set user=root in the config file to avoid this message.
2025-03-13 14:26:13,550 INFO supervisord started with pid 1
2025-03-13 14:26:14,552 INFO spawned: 'apache2' with pid 7
2025-03-13 14:26:14,554 INFO spawned: 'vite' with pid 8
2025-03-13 14:26:16,375 INFO success: apache2 entered RUNNING state, process has stayed up for > than 1 seconds (startsecs)
2025-03-13 14:26:20,475 INFO success: vite entered RUNNING state, process has stayed up for > than 5 seconds (startsecs)
2025-03-13 14:28:43,283 CRIT Supervisor is running as root.  Privileges were not dropped because no user is specified in the config file.  If you intend to run as root, you can set user=root in the config file to avoid this message.
2025-03-13 14:28:43,284 INFO supervisord started with pid 1
2025-03-13 14:28:43,390 INFO spawned: 'apache2' with pid 7
2025-03-13 14:28:43,392 INFO spawned: 'vite' with pid 8
2025-03-13 14:28:44,851 INFO success: apache2 entered RUNNING state, process has stayed up for > than 1 seconds (startsecs)
2025-03-13 14:28:48,920 INFO success: vite entered RUNNING state, process has stayed up for > than 5 seconds (startsecs)
2025-03-13 14:34:27,299 CRIT Supervisor is running as root.  Privileges were not dropped because no user is specified in the config file.  If you intend to run as root, you can set user=root in the config file to avoid this message.
2025-03-13 14:34:27,303 INFO supervisord started with pid 1
2025-03-13 14:34:28,305 INFO spawned: 'apache2' with pid 7
2025-03-13 14:34:28,308 INFO spawned: 'vite' with pid 8
2025-03-13 14:34:29,735 INFO success: apache2 entered RUNNING state, process has stayed up for > than 1 seconds (startsecs)
2025-03-13 14:34:34,240 INFO success: vite entered RUNNING state, process has stayed up for > than 5 seconds (startsecs)
2025-03-13 14:43:51,050 CRIT Supervisor is running as root.  Privileges were not dropped because no user is specified in the config file.  If you intend to run as root, you can set user=root in the config file to avoid this message.
2025-03-13 14:43:51,051 INFO supervisord started with pid 1
2025-03-13 14:43:52,056 INFO spawned: 'apache2' with pid 7
2025-03-13 14:43:52,058 INFO spawned: 'vite' with pid 8
2025-03-13 14:43:53,946 INFO success: apache2 entered RUNNING state, process has stayed up for > than 1 seconds (startsecs)
2025-03-13 14:43:57,951 INFO success: vite entered RUNNING state, process has stayed up for > than 5 seconds (startsecs)
2025-03-14 15:59:37,080 CRIT Supervisor is running as root.  Privileges were not dropped because no user is specified in the config file.  If you intend to run as root, you can set user=root in the config file to avoid this message.
2025-03-14 15:59:37,083 INFO supervisord started with pid 1
2025-03-14 15:59:38,086 INFO spawned: 'apache2' with pid 8
2025-03-14 15:59:38,103 INFO spawned: 'vite' with pid 9
2025-03-14 15:59:39,335 INFO success: apache2 entered RUNNING state, process has stayed up for > than 1 seconds (startsecs)
2025-03-14 15:59:43,225 INFO success: vite entered RUNNING state, process has stayed up for > than 5 seconds (startsecs)
2025-03-14 16:06:11,859 CRIT Supervisor is running as root.  Privileges were not dropped because no user is specified in the config file.  If you intend to run as root, you can set user=root in the config file to avoid this message.
2025-03-14 16:06:11,860 INFO supervisord started with pid 1
2025-03-14 16:06:12,862 INFO spawned: 'apache2' with pid 7
2025-03-14 16:06:12,864 INFO spawned: 'vite' with pid 8
2025-03-14 16:06:14,702 INFO success: apache2 entered RUNNING state, process has stayed up for > than 1 seconds (startsecs)
2025-03-14 16:06:18,529 INFO success: vite entered RUNNING state, process has stayed up for > than 5 seconds (startsecs)
2025-03-17 13:39:35,331 CRIT Supervisor is running as root.  Privileges were not dropped because no user is specified in the config file.  If you intend to run as root, you can set user=root in the config file to avoid this message.
2025-03-17 13:39:35,334 INFO supervisord started with pid 1
2025-03-17 13:39:36,336 INFO spawned: 'apache2' with pid 7
2025-03-17 13:39:36,343 INFO spawned: 'vite' with pid 8
2025-03-17 13:39:37,559 INFO success: apache2 entered RUNNING state, process has stayed up for > than 1 seconds (startsecs)
2025-03-17 13:39:41,509 INFO success: vite entered RUNNING state, process has stayed up for > than 5 seconds (startsecs)
2025-03-17 13:42:58,075 CRIT Supervisor is running as root.  Privileges were not dropped because no user is specified in the config file.  If you intend to run as root, you can set user=root in the config file to avoid this message.
2025-03-17 13:42:58,076 INFO supervisord started with pid 1
2025-03-17 13:42:59,044 INFO spawned: 'apache2' with pid 7
2025-03-17 13:42:59,046 INFO spawned: 'vite' with pid 8
2025-03-17 13:43:00,842 INFO success: apache2 entered RUNNING state, process has stayed up for > than 1 seconds (startsecs)
2025-03-17 13:43:04,846 INFO success: vite entered RUNNING state, process has stayed up for > than 5 seconds (startsecs)
